{
  "version": "1.5.0",
  "plugins_used": [
    {
      "name": "ArtifactoryDetector"
    },
    {
      "name": "AWSKeyDetector"
    },
    {
      "name": "AzureStorageKeyDetector"
    },
    {
      "name": "Base64HighEntropyString",
      "limit": 4.5
    },
    {
      "name": "BasicAuthDetector"
    },
    {
      "name": "CloudantDetector"
    },
    {
      "name": "DiscordBotTokenDetector"
    },
    {
      "name": "GitHubTokenDetector"
    },
    {
      "name": "GitLabTokenDetector"
    },
    {
      "name": "HexHighEntropyString",
      "limit": 3.0
    },
    {
      "name": "IbmCloudIamDetector"
    },
    {
      "name": "IbmCosHmacDetector"
    },
    {
      "name": "IPPublicDetector"
    },
    {
      "name": "JwtTokenDetector"
    },
    {
      "name": "KeywordDetector",
      "keyword_exclude": ""
    },
    {
      "name": "MailchimpDetector"
    },
    {
      "name": "NpmDetector"
    },
    {
      "name": "OpenAIDetector"
    },
    {
      "name": "PrivateKeyDetector"
    },
    {
      "name": "PypiTokenDetector"
    },
    {
      "name": "SendGridDetector"
    },
    {
      "name": "SlackDetector"
    },
    {
      "name": "SoftlayerDetector"
    },
    {
      "name": "SquareOAuthDetector"
    },
    {
      "name": "StripeDetector"
    },
    {
      "name": "TelegramBotTokenDetector"
    },
    {
      "name": "TwilioKeyDetector"
    }
  ],
  "filters_used": [
    {
      "path": "detect_secrets.filters.allowlist.is_line_allowlisted"
    },
    {
      "path": "detect_secrets.filters.common.is_baseline_file",
      "filename": ".secrets.baseline"
    },
    {
      "path": "detect_secrets.filters.common.is_ignored_due_to_verification_policies",
      "min_level": 2
    },
    {
      "path": "detect_secrets.filters.heuristic.is_indirect_reference"
    },
    {
      "path": "detect_secrets.filters.heuristic.is_likely_id_string"
    },
    {
      "path": "detect_secrets.filters.heuristic.is_lock_file"
    },
    {
      "path": "detect_secrets.filters.heuristic.is_not_alphanumeric_string"
    },
    {
      "path": "detect_secrets.filters.heuristic.is_potential_uuid"
    },
    {
      "path": "detect_secrets.filters.heuristic.is_prefixed_with_dollar_sign"
    },
    {
      "path": "detect_secrets.filters.heuristic.is_sequential_string"
    },
    {
      "path": "detect_secrets.filters.heuristic.is_swagger_file"
    },
    {
      "path": "detect_secrets.filters.heuristic.is_templated_secret"
    }
  ],
  "results": {
    "README.md": [
      {
        "type": "Secret Keyword",
        "filename": "README.md",
        "hashed_secret": "33066778cc8a75379cf9da0f931cd3a20616f861",
        "is_verified": false,
        "line_number": 543,
        "is_secret": false
      },
      {
        "type": "Secret Keyword",
        "filename": "README.md",
        "hashed_secret": "c6af4c7ac29649c8c8d4b5fccdf6f02600f28fc8",
        "is_verified": false,
        "line_number": 544,
        "is_secret": false
      },
      {
        "type": "Secret Keyword",
        "filename": "README.md",
        "hashed_secret": "51c25b1a5dd4ab7e281bfeef5e2d129f2c0452f6",
        "is_verified": false,
        "line_number": 553,
        "is_secret": false
      },
      {
        "type": "Secret Keyword",
        "filename": "README.md",
        "hashed_secret": "1ca4c4b138ec7ecb4ad6fb2e7f9c79a6326d6853",
        "is_verified": false,
        "line_number": 554,
        "is_secret": false
      },
      {
        "type": "Secret Keyword",
        "filename": "README.md",
        "hashed_secret": "b2e6bb133c1cf31f3c5649f2095390f1c4bd3581",
        "is_verified": false,
        "line_number": 786,
        "is_secret": false
      }
    ],
    "docker-compose.integration.yml": [
      {
        "type": "Secret Keyword",
        "filename": "docker-compose.integration.yml",
        "hashed_secret": "79a8d356212ffce5be1030556c44e8aa15d023f8",
        "is_verified": false,
        "line_number": 7,
        "is_secret": false
      },
      {
        "type": "Secret Keyword",
        "filename": "docker-compose.integration.yml",
        "hashed_secret": "b7776aa292d6b757c1945734649dc7024dcb6caf",
        "is_verified": false,
        "line_number": 36,
        "is_secret": false
      }
    ],
    "docker_manager.py": [
      {
        "type": "Base64 High Entropy String",
        "filename": "docker_manager.py",
        "hashed_secret": "d446c37a90d43b2992700d22765a6a9b55f84471",
        "is_verified": false,
        "line_number": 665,
        "is_secret": false
      }
    ],
    "download_models.py": [
      {
        "type": "Base64 High Entropy String",
        "filename": "download_models.py",
        "hashed_secret": "b6d6dcbd9baa296be05d3f2c3cb68d2f28b12871",
        "is_verified": false,
        "line_number": 46,
        "is_secret": false
      }
    ],
    "frontend/README.md": [
      {
        "type": "Secret Keyword",
        "filename": "frontend/README.md",
        "hashed_secret": "33066778cc8a75379cf9da0f931cd3a20616f861",
        "is_verified": false,
        "line_number": 24,
        "is_secret": false
      },
      {
        "type": "Secret Keyword",
        "filename": "frontend/README.md",
        "hashed_secret": "c6af4c7ac29649c8c8d4b5fccdf6f02600f28fc8",
        "is_verified": false,
        "line_number": 25,
        "is_secret": false
      },
      {
        "type": "Secret Keyword",
        "filename": "frontend/README.md",
        "hashed_secret": "51c25b1a5dd4ab7e281bfeef5e2d129f2c0452f6",
        "is_verified": false,
        "line_number": 34,
        "is_secret": false
      },
      {
        "type": "Secret Keyword",
        "filename": "frontend/README.md",
        "hashed_secret": "1ca4c4b138ec7ecb4ad6fb2e7f9c79a6326d6853",
        "is_verified": false,
        "line_number": 35,
        "is_secret": false
      }
    ],
    "frontend/src/components/Sidebar.tsx": [
      {
        "type": "Base64 High Entropy String",
        "filename": "frontend/src/components/Sidebar.tsx",
        "hashed_secret": "b6d6dcbd9baa296be05d3f2c3cb68d2f28b12871",
        "is_verified": false,
        "line_number": 55,
        "is_secret": false
      }
    ],
    "rag_infra_manager.py": [
      {
        "type": "Secret Keyword",
        "filename": "rag_infra_manager.py",
        "hashed_secret": "72c567a45c561730ceb5c3f06a3f2d3163253dfb",
        "is_verified": false,
        "line_number": 197,
        "is_secret": false
      },
      {
        "type": "Secret Keyword",
        "filename": "rag_infra_manager.py",
        "hashed_secret": "de18ccfa15e841c4efe6788a08eccda935650bb1",
        "is_verified": false,
        "line_number": 199,
        "is_secret": false
      },
      {
        "type": "Secret Keyword",
        "filename": "rag_infra_manager.py",
        "hashed_secret": "3c49d9cc3c0c83421a1cfb921cdd4aa35dc1ba5c",
        "is_verified": false,
        "line_number": 201,
        "is_secret": false
      },
      {
        "type": "Secret Keyword",
        "filename": "rag_infra_manager.py",
        "hashed_secret": "5acf4111241386b9b6b6926c05df8453f376eb04",
        "is_verified": false,
        "line_number": 203,
        "is_secret": false
      }
    ],
    "secrets_config.py": [
      {
        "type": "Secret Keyword",
        "filename": "secrets_config.py",
        "hashed_secret": "227ac13b6e14006a733b3b5e711633aa2032721f",
        "is_verified": false,
        "line_number": 14,
        "is_secret": false
      },
      {
        "type": "Secret Keyword",
        "filename": "secrets_config.py",
        "hashed_secret": "a978f3dd8a0e4dd34d5e45775161272f83d5783c",
        "is_verified": false,
        "line_number": 16,
        "is_secret": false
      }
    ],
    "settings_manager.py": [
      {
        "type": "Base64 High Entropy String",
        "filename": "settings_manager.py",
        "hashed_secret": "b6d6dcbd9baa296be05d3f2c3cb68d2f28b12871",
        "is_verified": false,
        "line_number": 127,
        "is_secret": false
      }
    ],
    "tests/test_api.py": [
      {
        "type": "Secret Keyword",
        "filename": "tests/test_api.py",
        "hashed_secret": "2e7a7ee14caebf378fc32d6cf6f557f347c96773",
        "is_verified": false,
        "line_number": 41,
        "is_secret": false
      },
      {
        "type": "Secret Keyword",
        "filename": "tests/test_api.py",
        "hashed_secret": "80c0764e0d8cd7f55a90d8cc53a9eced9d5d46dc",
        "is_verified": false,
        "line_number": 42,
        "is_secret": false
      },
      {
        "type": "Secret Keyword",
        "filename": "tests/test_api.py",
        "hashed_secret": "d4e0e04792fd434b5dc9c4155c178f66edcf4ed3",
        "is_verified": false,
        "line_number": 486,
        "is_secret": false
      }
    ],
    "tests/test_api_server.py": [
      {
        "type": "Secret Keyword",
        "filename": "tests/test_api_server.py",
        "hashed_secret": "2e7a7ee14caebf378fc32d6cf6f557f347c96773",
        "is_verified": false,
        "line_number": 17,
        "is_secret": false
      },
      {
        "type": "Secret Keyword",
        "filename": "tests/test_api_server.py",
        "hashed_secret": "80c0764e0d8cd7f55a90d8cc53a9eced9d5d46dc",
        "is_verified": false,
        "line_number": 18,
        "is_secret": false
      }
    ],
    "tests/test_docker_manager.py": [
      {
        "type": "Base64 High Entropy String",
        "filename": "tests/test_docker_manager.py",
        "hashed_secret": "d446c37a90d43b2992700d22765a6a9b55f84471",
        "is_verified": false,
        "line_number": 533,
        "is_secret": false
      }
    ],
    "tests/test_rag_storage_all.py": [
      {
        "type": "Secret Keyword",
        "filename": "tests/test_rag_storage_all.py",
        "hashed_secret": "6ad59db16c818df46f6ff2b6d8ccd37ee21a5f56",
        "is_verified": false,
        "line_number": 28,
        "is_secret": false
      }
    ],
    "tests/test_secrets_config.py": [
      {
        "type": "Secret Keyword",
        "filename": "tests/test_secrets_config.py",
        "hashed_secret": "c79e6f988b35f084fc6efa126093e50c14543f6f",
        "is_verified": false,
        "line_number": 26,
        "is_secret": false
      },
      {
        "type": "Secret Keyword",
        "filename": "tests/test_secrets_config.py",
        "hashed_secret": "ec03fee5f88bac73f9ae46c96fec9bd5d2222564",
        "is_verified": false,
        "line_number": 38,
        "is_secret": false
      },
      {
        "type": "Secret Keyword",
        "filename": "tests/test_secrets_config.py",
        "hashed_secret": "752cb354d4d101b52581dc820d6fa3f29e87a776",
        "is_verified": false,
        "line_number": 48,
        "is_secret": false
      }
    ],
    "tests/test_system_diagnostics.py": [
      {
        "type": "Hex High Entropy String",
        "filename": "tests/test_system_diagnostics.py",
        "hashed_secret": "81ac96e74d890a3d8396e4344ee3092b3b5f9f2b",
        "is_verified": false,
        "line_number": 241,
        "is_secret": false
      }
    ]
  },
  "generated_at": "2026-07-26T10:03:40Z"
}
